+----------------------------------------------------------------------------+
| WAVEQLAB3D run information                                                 |
| input file name: topo_1tpx_100m.in                                         |
| problem name: withers_elastic_ver-x_traditional-6_res-100m_pml-2km         |
| problem type: TPV5                                                         |
| number of processor: 8                                                     |
| simulation start time: 12:04:05 Apr-27-2026                                |
+----------------------------------------------------------------------------+



+----------------------------------------------------------------------------+
| (0) Warning in subroutine: init_domain                                     |
| (0) warning: current method for setting time step does not use material    |
| properties; mesh information from files is ignored (only scalars from      |
| btp%... in input file are used)                                            |
+----------------------------------------------------------------------------+
 withers_elastic_ver-x_traditional-6_res-100m_pml-2km                                                                                                                                                                                                            
 Domain time parameters :
         Number of time steps =         1385
         Initial dt =    7.2169312892271667E-003
         Final time =    10.000000000000000     
   1.0000000000000009E-002           1         101           1         101   0.0000000000000000      -0.90000000000000002        0.0000000000000000       -0.0000000000000000      -0.89000000000000001        0.0000000000000000     
   8.8817841970012523E-016           1          31           1         141   3.0000000000000000        0.0000000000000000        4.0000000000000009        3.0000000000000000        0.0000000000000000        4.0000000000000000     
   3.5568166533333320E-002           2          91           2         121  -1.0000000000000002       -3.5568166533333320E-002   1.9999999999999998       -1.0000000000000000        0.0000000000000000        2.0000000000000000     
   1.7763568394002505E-015           2          41           1         161   4.0000000000000000        0.0000000000000000        5.9999999999999982        4.0000000000000000        0.0000000000000000        6.0000000000000000     
   2.1980000000032529E-005           3          91           1         121  -1.0000000000000002      -0.13647801999999998        1.9999999999999998       -1.0000000000000000      -0.13650000000000001        2.0000000000000000     
   0.0000000000000000                3          51           1         151   5.0000000000000000        0.0000000000000000        5.0000000000000000        5.0000000000000000        0.0000000000000000        5.0000000000000000     
   3.7154999999999827E-004           4          11           1         111   1.0000000000000000      -0.49037154999999999        1.0000000000000000        1.0000000000000000      -0.48999999999999999        1.0000000000000000     
   3.7154999999999827E-004           4          91           1          91  -1.0000000000000002      -0.49037154999999999      -0.99999999999999989       -1.0000000000000000      -0.48999999999999999       -1.0000000000000000     
   4.4408920985006262E-016           6          66           1          66  -3.5000000000000000        0.0000000000000000       -3.5000000000000004       -3.5000000000000000        0.0000000000000000       -3.5000000000000000     
     n                    t                 T(s)      %
     1  7.216931289227E-003   1.6132739999999999    0.1
     2  1.443386257845E-002   1.5768900000000001    0.1
     3  2.165079386768E-002   1.5874259999999998    0.2
